// Jest Snapshot v1, https://goo.gl/fbAQLP

exports[`Stop Watch component should render stopwatch component 1`] = `ShallowWrapper {}`;

exports[`should render stopwatch component 1`] = `ShallowWrapper {}`;
